---
pid: 36884
cwd: |
  C:/Users/Alice Barbosa/.cursor
last_command: git pull
last_exit_code: 128
---

Alice Barbosa@Alice MINGW64 ~/.cursor (main)
$ git push
To https://github.com/alicebarsouza/lista-de-tarefas-estagio.git
 ! [rejected]        main -> main (fetch first)
error: failed to push some refs to 'https://github.com/alicebarsouza/lista-de-tarefas-estagio.git'
hint: have locally. This is usually caused by another repository pushing to
hint: the same ref. If you want to integrate the remote changes, use
hint: 'git pull' before pushing again.
hint: See the 'Note about fast-forwards' in 'git push --help' for details.

Alice Barbosa@Alice MINGW64 ~/.cursor (main)
$ git fetch
remote: Enumerating objects: 8, done.
remote: Counting objects: 100% (8/8), done.
remote: Compressing objects: 100% (6/6), done.
remote: Total 6 (delta 4), reused 0 (delta 0), pack-reused 0 (from 0)
Unpacking objects: 100% (6/6), 1.91 KiB | 122.00 KiB/s, done.
From https://github.com/alicebarsouza/lista-de-tarefas-estagio
   4f8d08c..0f53eff  main       -> origin/main

Alice Barbosa@Alice MINGW64 ~/.cursor (main)
$ git push
To https://github.com/alicebarsouza/lista-de-tarefas-estagio.git
 ! [rejected]        main -> main (non-fast-forward)
error: failed to push some refs to 'https://github.com/alicebarsouza/lista-de-tarefas-estagio.git'
hint: Updates were rejected because the tip of your current branch is behind
hint: its remote counterpart. If you want to integrate the remote changes,
hint: use 'git pull' before pushing again.
hint: See the 'Note about fast-forwards' in 'git push --help' for details.

Alice Barbosa@Alice MINGW64 ~/.cursor (main)
$ git pull
Auto-merging README.md
hint: Waiting for your editor to close the file... Vim: Error reading input, exiting...
Vim: Finished.

error: there was a problem with the editor 'vi'
Not committing merge; use 'git commit' to complete the merge.
Alice Barbosa@Alice MINGW64 ~/.cursor (main|MERGING)
Alice Barbosa@Alice MINGW64 ~/.cursor (main|MERGING)
Alice Barbosa@Alice MINGW64 ~/.cursor (main|MERGING)
$ git pull
error: You have not concluded your merge (MERGE_HEAD exists).
hint: Please, commit your changes before merging.
fatal: Exiting because of unfinished merge.

Alice Barbosa@Alice MINGW64 ~/.cursor (main|MERGING)
$