---
pid: 38848
cwd: |
  C:/Users/Alice Barbosa/.cursor/backend
last_command: node --version
last_exit_code: 0
---

Alice Barbosa@Alice MINGW64 ~/.cursor (main)       
$ cd backend/

Alice Barbosa@Alice MINGW64 ~/.cursor/backend (main)
$ npm install cors

up to date, audited 219 packages in 1s

32 packages are looking for funding
  run `npm fund` for details

5 high severity vulnerabilities

To address all issues (including breaking changes), run:
  npm audit fix --force

Run `npm audit` for details.

Alice Barbosa@Alice MINGW64 ~/.cursor/backend (main)
$ npm start

> task-list-backend@1.0.0 start
> node src/server.js

(node:5924) [MODULE_TYPELESS_PACKAGE_JSON] Warning: Module type of file:///C:/Users/Alice%20Barbosa/.cursor/backend/src/server.js is not specified and it doesn't parse as CommonJS.
Reparsing as ES module because module syntax was detected. This incurs a performance overhead.        
To eliminate this warning, add "type": "module" to C:\Users\Alice Barbosa\.cursor\backend\package.json.
(Use `node --trace-warnings ...` to show where the warning was created)
file:///C:/Users/Alice%20Barbosa/.cursor/backend/src/server.js:1
require("dotenv").config();
^

ReferenceError: require is not defined in ES module scope, you can use import instead
    at file:///C:/Users/Alice%20Barbosa/.cursor/backend/src/server.js:1:1
    at process.processTicksAndRejections (node:internal/process/task_queues:103:5)
    at async onImport.tracePromise.__proto__ (node:internal/modules/esm/loader:660:26)
    at async asyncRunEntryPointWithESMLoader (node:internal/modules/run_main:101:5)

Node.js v24.12.0

Alice Barbosa@Alice MINGW64 ~/.cursor/backend (main)
$ npm start

> task-list-backend@1.0.0 start
> node src/server.js

(node:31712) [MODULE_TYPELESS_PACKAGE_JSON] Warning: Module type of file:///C:/Users/Alice%20Barbosa/.cursor/backend/src/server.js is not specified and it doesn't parse as CommonJS.
Reparsing as ES module because module syntax was detected. This incurs a performance overhead.
To eliminate this warning, add "type": "module" to C:\Users\Alice Barbosa\.cursor\backend\package.json.
(Use `node --trace-warnings ...` to show where the warning was created)
node:internal/modules/esm/resolve:274
    throw new ERR_MODULE_NOT_FOUND(
          ^

Error [ERR_MODULE_NOT_FOUND]: Cannot find module 'C:\Users\Alice Barbosa\.cursor\backend\src\db' imported from C:\Users\Alice Barbosa\.cursor\backend\src\server.js
    at finalizeResolution (node:internal/modules/esm/resolve:274:11)
    at moduleResolve (node:internal/modules/esm/resolve:864:10)
    at defaultResolve (node:internal/modules/esm/resolve:990:11)
    at #cachedDefaultResolve (node:internal/modules/esm/loader:718:20)
    at #resolveAndMaybeBlockOnLoaderThread (node:internal/modules/esm/loader:735:38)
    at ModuleLoader.resolveSync (node:internal/modules/esm/loader:764:52)
    at #resolve (node:internal/modules/esm/loader:700:17)
    at ModuleLoader.getOrCreateModuleJob (node:internal/modules/esm/loader:620:35)
    at ModuleJob.syncLink (node:internal/modules/esm/module_job:143:33)
    at ModuleJob.link (node:internal/modules/esm/module_job:228:17) {
  code: 'ERR_MODULE_NOT_FOUND',
  url: 'file:///C:/Users/Alice%20Barbosa/.cursor/backend/src/db'
}

Node.js v24.12.0

Alice Barbosa@Alice MINGW64 ~/.cursor/backend (main)
$ npm start

> task-list-backend@1.0.0 start
> node src/server.js

(node:3276) [MODULE_TYPELESS_PACKAGE_JSON] Warning: Module type of file:///C:/Users/Alice%20Barbosa/.cursor/backend/src/server.js is not specified and it doesn't parse as CommonJS.
Reparsing as ES module because module syntax was detected. This incurs a performance overhead.
To eliminate this warning, add "type": "module" to C:\Users\Alice Barbosa\.cursor\backend\package.json.
(Use `node --trace-warnings ...` to show where the warning was created)
file:///C:/Users/Alice%20Barbosa/.cursor/backend/src/server.js:1
require("dotenv").config();
^

ReferenceError: require is not defined in ES module scope, you can use import instead
    at file:///C:/Users/Alice%20Barbosa/.cursor/backend/src/server.js:1:1
    at process.processTicksAndRejections (node:internal/process/task_queues:103:5)
    at async onImport.tracePromise.__proto__ (node:internal/modules/esm/loader:660:26)
    at async asyncRunEntryPointWithESMLoader (node:internal/modules/run_main:101:5)

Node.js v24.12.0

Alice Barbosa@Alice MINGW64 ~/.cursor/backend (main)
$ npm start

> task-list-backend@1.0.0 start
> node src/server.js

(node:35376) [MODULE_TYPELESS_PACKAGE_JSON] Warning: Module type of file:///C:/Users/Alice%20Barbosa/.cursor/backend/src/server.js is not specified and it doesn't parse as CommonJS.
Reparsing as ES module because module syntax was detected. This incurs a performance overhead.
To eliminate this warning, add "type": "module" to C:\Users\Alice Barbosa\.cursor\backend\package.json.
(Use `node --trace-warnings ...` to show where the warning was created)
file:///C:/Users/Alice%20Barbosa/.cursor/backend/src/server.js:1
const dotenv = require("dotenv").config();
               ^

ReferenceError: require is not defined in ES module scope, you can use import instead
    at file:///C:/Users/Alice%20Barbosa/.cursor/backend/src/server.js:1:16
    at process.processTicksAndRejections (node:internal/process/task_queues:103:5)
    at async onImport.tracePromise.__proto__ (node:internal/modules/esm/loader:660:26)
    at async asyncRunEntryPointWithESMLoader (node:internal/modules/run_main:101:5)

Node.js v24.12.0

Alice Barbosa@Alice MINGW64 ~/.cursor/backend (main)
$ npm start

> task-list-backend@1.0.0 start
> node src/server.js

file:///C:/Users/Alice%20Barbosa/.cursor/backend/src/db.js:4
const DB_PATH = process.env.DB_PATH || path.join(__dirname, "..", "database.sqlite");
                                                 ^

ReferenceError: __dirname is not defined in ES module scope
This file is being treated as an ES module because it has a '.js' file extension and 'C:\Users\Alice Barbosa\.cursor\backend\package.json' contains "type": "module". To treat it as a CommonJS script, rename it to use the '.cjs' file extension.
    at file:///C:/Users/Alice%20Barbosa/.cursor/backend/src/db.js:4:50
    at ModuleJob.run (node:internal/modules/esm/module_job:413:25)
    at async onImport.tracePromise.__proto__ (node:internal/modules/esm/loader:660:26)
    at async asyncRunEntryPointWithESMLoader (node:internal/modules/run_main:101:5)

Node.js v24.12.0

Alice Barbosa@Alice MINGW64 ~/.cursor/backend (main)
$ npm start

> task-list-backend@1.0.0 start
> node src/server.js

file:///C:/Users/Alice%20Barbosa/.cursor/backend/src/server.js:23
app.get(`${BASE_URL}/api/tarefas`, (req, res) => {
           ^

ReferenceError: BASE_URL is not defined
    at file:///C:/Users/Alice%20Barbosa/.cursor/backend/src/server.js:23:12
    at ModuleJob.run (node:internal/modules/esm/module_job:413:25)
    at async onImport.tracePromise.__proto__ (node:internal/modules/esm/loader:660:26)
    at async asyncRunEntryPointWithESMLoader (node:internal/modules/run_main:101:5)

Node.js v24.12.0

Alice Barbosa@Alice MINGW64 ~/.cursor/backend (main)
$ npm start

> task-list-backend@1.0.0 start
> node src/server.js

Backend ouvindo na porta 4000


Alice Barbosa@Alice MINGW64 ~/.cursor/backend (main)
$ node --v
C:/Program Files/nodejs/node.exe: bad option: --v  

Alice Barbosa@Alice MINGW64 ~/.cursor/backend (main)
$ node --version
v24.12.0

Alice Barbosa@Alice MINGW64 ~/.cursor/backend (main)
$